// Jest Snapshot v1, https://goo.gl/fbAQLP

exports[`<NodePage /> renders the NodeInfo tab correctly for a metric node 1`] = `
HTMLCollection [
  <code
    class="language-sql"
    style="white-space: pre;"
  >
    <span
      class="hljs-built_in"
    >
      count
    </span>
    <span>
      (repair_order_id)
    </span>
  </code>,
]
`;

exports[`<NodePage /> renders the NodeMaterialization tab with materializations correctly 1`] = `
<div
  aria-label="Materializations"
  class="table-vertical"
  role="table"
>
  <div>
    <h2>
      Materializations
    </h2>
    <button
      aria-label="AddMaterialization"
      class="edit_button"
      tabindex="0"
    >
      <span
        class="add_node"
      >
        + Add Materialization
      </span>
    </button>
    <div
      class="fade modal-backdrop in"
      style="display: none;"
    />
    <div
      aria-label="client-code"
      class="centerPopover"
      role="dialog"
      style="display: none; width: 50%;"
    >
      <form
        action="#"
      >
        <h2>
          Configure Materialization
        </h2>
        <input
          hidden=""
          name="node"
          readonly=""
          value="default.repair_order_transform"
        />
        <span
          data-testid="edit-partition"
        >
          <label
            for="strategy"
          >
            Strategy
          </label>
          <select
            name="strategy"
          >
            <option
              value="full"
            >
              Full
            </option>
            <option
              value="incremental_time"
            >
              Incremental Time
            </option>
          </select>
        </span>
        <br />
        <br />
        <label
          for="schedule"
        >
          Schedule
        </label>
        <input
          default=""
          id="schedule"
          name="schedule"
          placeholder="Cron"
          type="text"
          value="@daily"
        />
        <br />
        <br />
        <div
          class="DescriptionInput"
        >
          <label
            for="Config"
          >
            Lookback Window
          </label>
          <input
            default=""
            id="lookback_window"
            name="lookback_window"
            placeholder="1 DAY"
            type="text"
            value="1 DAY"
          />
        </div>
        <br />
        <div
          class="DescriptionInput"
        >
          <details>
            <summary>
              <label
                for="SparkConfig"
                style="display: inline-block;"
              >
                Spark Config
              </label>
            </summary>
            <textarea
              id="SparkConfig"
              name="spark_config"
              style="display: none;"
              type="textarea"
            >
              [object Object]
            </textarea>
            <div
              class="relative flex bg-[#282a36]"
              role="button"
              tabindex="0"
            >
              <div
                class="cm-theme-light"
                id="spark_config"
                name="spark_config"
                options="[object Object]"
                style="margin: 0px 0px 23px 0px; flex: 1; font-size: 150%; text-align: left;"
              >
                <div
                  class="cm-editor ͼ1 ͼ2 ͼ4 ͼ1g ͼ15"
                >
                  <div
                    aria-live="polite"
                    style="position: absolute; top: -10000px;"
                  />
                  <div
                    class="cm-scroller"
                    tabindex="-1"
                  >
                    <div
                      aria-hidden="true"
                      class="cm-gutters"
                      style="min-height: 56px; position: sticky;"
                    >
                      <div
                        class="cm-gutter cm-lineNumbers"
                      >
                        <div
                          class="cm-gutterElement"
                          style="height: 0px; visibility: hidden; pointer-events: none;"
                        >
                          9
                        </div>
                        <div
                          class="cm-gutterElement cm-activeLineGutter"
                          style="height: 14px;"
                        >
                          1
                        </div>
                        <div
                          class="cm-gutterElement"
                          style="height: 14px;"
                        >
                          2
                        </div>
                        <div
                          class="cm-gutterElement"
                          style="height: 14px;"
                        >
                          3
                        </div>
                        <div
                          class="cm-gutterElement"
                          style="height: 14px;"
                        >
                          4
                        </div>
                      </div>
                      <div
                        class="cm-gutter cm-foldGutter"
                      >
                        <div
                          class="cm-gutterElement"
                          style="height: 0px; visibility: hidden; pointer-events: none;"
                        >
                          <span
                            title="Unfold line"
                          >
                            ›
                          </span>
                        </div>
                        <div
                          class="cm-gutterElement cm-activeLineGutter"
                          style="height: 14px;"
                        >
                          <span
                            title="Fold line"
                          >
                            ⌄
                          </span>
                        </div>
                      </div>
                    </div>
                    <div
                      aria-autocomplete="list"
                      aria-multiline="true"
                      autocapitalize="off"
                      autocorrect="off"
                      class="cm-content"
                      contenteditable="true"
                      data-language="json"
                      role="textbox"
                      spellcheck="false"
                      style="tab-size: 4"
                      translate="no"
                    >
                      <div
                        class="cm-activeLine cm-line"
                      >
                        {
                      </div>
                      <div
                        class="cm-line"
                      >
                            "spark.executor.memory": 
                        <span
                          class="ͼe"
                        >
                          "16g"
                        </span>
                        ,
                      </div>
                      <div
                        class="cm-line"
                      >
                            "spark.memory.fraction": 
                        <span
                          class="ͼe"
                        >
                          "0.3"
                        </span>
                      </div>
                      <div
                        class="cm-line"
                      >
                        }
                      </div>
                    </div>
                    <div
                      aria-hidden="true"
                      class="cm-selectionLayer"
                    />
                    <div
                      aria-hidden="true"
                      class="cm-cursorLayer"
                      style="animation-duration: 1200ms;"
                    />
                  </div>
                </div>
              </div>
            </div>
          </details>
           
        </div>
        <button
          aria-hidden="false"
          aria-label="SaveEditColumn"
          class="add_node"
          type="submit"
        >
          Save
        </button>
      </form>
    </div>
    <div
      class="message alert"
      style="margin-top: 10px;"
    >
      No materialization workflows configured for this node.
    </div>
  </div>
  <div>
    <h2>
      Materialized Datasets
    </h2>
    <div
      class="message alert"
      style="margin-top: 10px;"
    >
      No materialized datasets available for this node.
    </div>
  </div>
</div>
`;
