// Vitest Snapshot v1, https://vitest.dev/guide/snapshot.html

exports[`<App /> > should render and match the snapshot 1`] = `
<CookiesProvider>
  <BrowserRouter>
    <LoginPage />
  </BrowserRouter>
</CookiesProvider>
`;

exports[`<App /> should render and match the snapshot 1`] = `
<CookiesProvider>
  <BrowserRouter>
    <LoginPage />
  </BrowserRouter>
</CookiesProvider>
`;
