// Jest Snapshot v1, https://goo.gl/fbAQLP

exports[`AddEditNodePage Create node page renders with the selected nodeType and namespace 1`] = `HTMLCollection []`;

exports[`AddEditNodePage Create node page renders with the selected nodeType and namespace 2`] = `HTMLCollection []`;

exports[`AddEditNodePage Create node page renders with the selected nodeType and namespace 3`] = `HTMLCollection []`;

exports[`AddEditNodePage Create node page renders with the selected nodeType and namespace 4`] = `HTMLCollection []`;

exports[`AddEditNodePage Create node page renders with the selected nodeType and namespace 5`] = `HTMLCollection []`;

exports[`AddEditNodePage Create node page renders with the selected nodeType and namespace 6`] = `HTMLCollection []`;

exports[`AddEditNodePage Create node page renders with the selected nodeType and namespace 7`] = `HTMLCollection []`;

exports[`AddEditNodePage Create node page renders with the selected nodeType and namespace 8`] = `HTMLCollection []`;

exports[`AddEditNodePage Create node page renders with the selected nodeType and namespace 9`] = `HTMLCollection []`;

exports[`AddEditNodePage Create node page renders with the selected nodeType and namespace 10`] = `HTMLCollection []`;

exports[`AddEditNodePage Create node page renders with the selected nodeType and namespace 11`] = `HTMLCollection []`;

exports[`AddEditNodePage Create node page renders with the selected nodeType and namespace 12`] = `HTMLCollection []`;

exports[`AddEditNodePage Create node page renders with the selected nodeType and namespace 13`] = `HTMLCollection []`;

exports[`AddEditNodePage Create node page renders with the selected nodeType and namespace 14`] = `HTMLCollection []`;

exports[`AddEditNodePage Create node page renders with the selected nodeType and namespace 15`] = `HTMLCollection []`;

exports[`AddEditNodePage Create node page renders with the selected nodeType and namespace 16`] = `HTMLCollection []`;

exports[`AddEditNodePage Create node page renders with the selected nodeType and namespace 17`] = `HTMLCollection []`;

exports[`AddEditNodePage Create node page renders with the selected nodeType and namespace 18`] = `HTMLCollection []`;

exports[`AddEditNodePage Create node page renders with the selected nodeType and namespace 19`] = `HTMLCollection []`;

exports[`AddEditNodePage Create node page renders with the selected nodeType and namespace 20`] = `HTMLCollection []`;

exports[`AddEditNodePage Create node page renders with the selected nodeType and namespace 21`] = `HTMLCollection []`;
