// Jest Snapshot v1, https://goo.gl/fbAQLP

exports[`<App /> should render and match the snapshot 1`] = `
<BrowserRouter>
  <Helmet
    defaultTitle="DataJunction: A Metrics Platform"
    defer={true}
    encodeSpecialCharacters={true}
    prioritizeSeoTags={false}
    titleTemplate="DataJunction: %s"
  >
    <meta
      content="DataJunction serves as a semantic layer to help manage metrics"
      name="description"
    />
  </Helmet>
  <Context.Provider
    value={
      Object {
        "DataJunctionAPI": Object {
          "dag": [Function],
          "downstreams": [Function],
          "history": [Function],
          "lineage": [Function],
          "metric": [Function],
          "namespace": [Function],
          "namespaces": [Function],
          "node": [Function],
          "upstreams": [Function],
        },
      }
    }
  >
    <Routes>
      <Route
        element={<Unknown />}
        path="/"
      >
        <React.Fragment>
          <Route
            path="nodes"
          >
            <Route
              element={<NodePage />}
              path=":name"
            />
          </Route>
          <Route
            element={
              <ListNamespacesPage
                djClient={
                  Object {
                    "dag": [Function],
                    "downstreams": [Function],
                    "history": [Function],
                    "lineage": [Function],
                    "metric": [Function],
                    "namespace": [Function],
                    "namespaces": [Function],
                    "node": [Function],
                    "upstreams": [Function],
                  }
                }
              />
            }
            path="/"
          />
          <Route
            path="namespaces"
          >
            <Route
              element={<NamespacePage />}
              path=":namespace"
            />
          </Route>
        </React.Fragment>
      </Route>
      <Route
        element={<Unknown />}
        path="*"
      />
    </Routes>
  </Context.Provider>
</BrowserRouter>
`;
