// Jest Snapshot v1, https://goo.gl/fbAQLP

exports[`<App /> should render and match the snapshot 1`] = `
<BrowserRouter>
  <Helmet
    defaultTitle="DataJunction: A Metrics Platform"
    defer={true}
    encodeSpecialCharacters={true}
    prioritizeSeoTags={false}
    titleTemplate="DataJunction: %s"
  >
    <meta
      content="DataJunction serves as a semantic layer to help manage metrics"
      name="description"
    />
  </Helmet>
  <Routes>
    <Route
      element={<Unknown />}
      path="/"
    >
      <React.Fragment>
        <Route
          path="nodes"
        >
          <Route
            element={<Unknown />}
            path=":name"
          />
        </Route>
        <Route
          element={<ListNamespacesPage />}
          path="/"
        />
        <Route
          path="namespaces"
        >
          <Route
            element={<Unknown />}
            path=":namespace"
          />
        </Route>
      </React.Fragment>
    </Route>
    <Route
      element={<Unknown />}
      path="*"
    />
  </Routes>
</BrowserRouter>
`;
